// Jest Snapshot v1, https://goo.gl/fbAQLP

exports[`MathComp renders correctly 1`] = `
<div>
  <h1>
    Hello world from Account
  </h1>
  <p>
    My Account
  </p>
  <input
    id="startBalance"
    placeholder="Enter starting balance"
    type="number"
  />
  <button>
    Create Account
  </button>
</div>
`;
