// Jest Snapshot v1, https://goo.gl/fbAQLP

exports[`QueueItem renders correctly 1`] = `
<div
  className="ItemBox AppListItem"
>
  <span
    className="DetailText"
  >
    Susie
  </span>
  <hr />
</div>
`;
