// Jest Snapshot v1, https://goo.gl/fbAQLP

exports[`LinkedList renders correctly 1`] = `
<div>
  <h1>
    Hello from LIFO and FIFO
  </h1>
  <div
    className="AppContainer"
  >
    <div
      className="AppPanel"
    >
      <div
        className="ItemBox AppHeader"
      >
        <span
          className="AddItem"
        >
          Add to Queue
        </span>
        <input
          className="InputText"
          id="queue1name"
          placeholder="next into queue"
        />
        <br />
        <button
          className="AppBtn"
          onClick={[Function]}
        >
          <img
            alt="Add"
            className="btnImg"
            src="add_FFFFFF.png"
          />
        </button>
      </div>
      <div
        className="AppList"
      />
    </div>
    <div
      className="AppPanel"
    >
      <div
        className="ItemBox AppHeader"
      >
        <span
          className="AddItem"
        >
          Add to Queue
        </span>
        <input
          className="InputText"
          id="queue2name"
          placeholder="next into queue"
        />
        <br />
        <button
          className="AppBtn"
          onClick={[Function]}
        >
          <img
            alt="Add"
            className="btnImg"
            src="add_FFFFFF.png"
          />
        </button>
      </div>
      <div
        className="AppList"
      />
    </div>
  </div>
</div>
`;
