// Jest Snapshot v1, https://goo.gl/fbAQLP

exports[`MathComp renders correctly 1`] = `
<header
  className="App-header"
>
  <img
    alt="logo"
    className="App-logo"
    src="logo.svg"
  />
  <p>
    Edit 
    <code>
      src/App.js
    </code>
     and save to reload.
  </p>
  <a
    className="App-link"
    href="https://reactjs.org"
    rel="noopener noreferrer"
    target="_blank"
  >
    Learn React
  </a>
</header>
`;
